// Vitest Snapshot v1, https://vitest.dev/guide/snapshot.html

exports[`診断結果のスナップショット > 全 54 通りの条件で、提案と上位候補が変わらない 1`] = `
"beginner/easy/fore:spin/back:spin => spin-spiel + triple-regular | fore[spin-spiel,triple-regular,shining-dragon-2,vega-pro] back[triple-regular,shining-dragon-2,vega-pro,vega-europe] | ties:1/1 | alternatives:shining-dragon-2,vega-pro,vega-europe/shining-dragon-2,vega-pro,vega-europe
beginner/easy/fore:spin/back:counter => spin-spiel + flyatt-evo | fore[spin-spiel,triple-regular,shining-dragon-2,vega-pro] back[flyatt-evo,roundell,blastac,vega-japan] | ties:1/2 | alternatives:triple-regular,shining-dragon-2,vega-pro/roundell,blastac,vega-japan
beginner/easy/fore:spin/back:control => spin-spiel + rozena | fore[spin-spiel,triple-regular,shining-dragon-2,vega-pro] back[rozena,dna-future-m,rigan,rapid] | ties:1/1 | alternatives:triple-regular,shining-dragon-2,vega-pro/dna-future-m,rigan,rapid
beginner/easy/fore:counter/back:spin => flyatt-evo + spin-spiel | fore[flyatt-evo,roundell,blastac,vega-japan] back[spin-spiel,triple-regular,shining-dragon-2,vega-pro] | ties:2/1 | alternatives:roundell,blastac,vega-japan/triple-regular,shining-dragon-2,vega-pro
beginner/easy/fore:counter/back:counter => flyatt-evo + roundell | fore[flyatt-evo,roundell,blastac,vega-japan] back[roundell,blastac,vega-japan,rising-dragon-2] | ties:2/1 | alternatives:blastac,vega-japan,rising-dragon-2/blastac,vega-japan,rising-dragon-2
beginner/easy/fore:counter/back:control => flyatt-evo + spin-spiel | fore[flyatt-evo,roundell,blastac,vega-japan] back[spin-spiel,rozena,dna-future-m,rigan] | ties:2/1 | alternatives:roundell,blastac,vega-japan/rozena,dna-future-m,rigan
beginner/easy/fore:control/back:spin => spin-spiel + triple-regular | fore[spin-spiel,rozena,dna-future-m,rigan] back[triple-regular,shining-dragon-2,vega-pro,vega-europe] | ties:1/1 | alternatives:rozena,dna-future-m,rigan/shining-dragon-2,vega-pro,vega-europe
beginner/easy/fore:control/back:counter => spin-spiel + flyatt-evo | fore[spin-spiel,rozena,dna-future-m,rigan] back[flyatt-evo,roundell,blastac,vega-japan] | ties:1/2 | alternatives:rozena,dna-future-m,rigan/roundell,blastac,vega-japan
beginner/easy/fore:control/back:control => spin-spiel + rozena | fore[spin-spiel,rozena,dna-future-m,rigan] back[rozena,dna-future-m,rigan,rapid] | ties:1/1 | alternatives:dna-future-m,rigan,rapid/dna-future-m,rigan,rapid
beginner/standard/fore:spin/back:spin => spin-spiel + triple-regular | fore[spin-spiel,triple-regular,hybrid-mk-fx,rakza-7] back[triple-regular,hybrid-mk-fx,rakza-7,rakza-7-soft] | ties:1/1 | alternatives:hybrid-mk-fx,rakza-7,vega-pro/hybrid-mk-fx,rakza-7,vega-pro
beginner/standard/fore:spin/back:counter => spin-spiel + flyatt-evo | fore[spin-spiel,triple-regular,hybrid-mk-fx,rakza-7] back[flyatt-evo,roundell,blastac,vega-japan] | ties:1/2 | alternatives:triple-regular,hybrid-mk-fx,rakza-7/roundell,blastac,vega-japan
beginner/standard/fore:spin/back:control => spin-spiel + rozena | fore[spin-spiel,triple-regular,hybrid-mk-fx,rakza-7] back[rozena,dna-future-m,rigan,rapid] | ties:1/1 | alternatives:triple-regular,hybrid-mk-fx,rakza-7/dna-future-m,rigan,rapid
beginner/standard/fore:counter/back:spin => flyatt-evo + spin-spiel | fore[flyatt-evo,roundell,blastac,vega-japan] back[spin-spiel,triple-regular,hybrid-mk-fx,rakza-7] | ties:2/1 | alternatives:roundell,blastac,vega-japan/triple-regular,hybrid-mk-fx,rakza-7
beginner/standard/fore:counter/back:counter => flyatt-evo + roundell | fore[flyatt-evo,roundell,blastac,vega-japan] back[roundell,blastac,vega-japan,omega-8-euro] | ties:2/1 | alternatives:blastac,vega-japan,omega-8-euro/blastac,vega-japan,omega-8-euro
beginner/standard/fore:counter/back:control => flyatt-evo + spin-spiel | fore[flyatt-evo,roundell,blastac,vega-japan] back[spin-spiel,rozena,dna-future-m,rigan] | ties:2/1 | alternatives:roundell,blastac,vega-japan/rozena,dna-future-m,rigan
beginner/standard/fore:control/back:spin => spin-spiel + triple-regular | fore[spin-spiel,rozena,dna-future-m,rigan] back[triple-regular,hybrid-mk-fx,rakza-7,rakza-7-soft] | ties:1/1 | alternatives:rozena,dna-future-m,rigan/hybrid-mk-fx,rakza-7,vega-pro
beginner/standard/fore:control/back:counter => spin-spiel + flyatt-evo | fore[spin-spiel,rozena,dna-future-m,rigan] back[flyatt-evo,roundell,blastac,vega-japan] | ties:1/2 | alternatives:rozena,dna-future-m,rigan/roundell,blastac,vega-japan
beginner/standard/fore:control/back:control => spin-spiel + rozena | fore[spin-spiel,rozena,dna-future-m,rigan] back[rozena,dna-future-m,rigan,rapid] | ties:1/1 | alternatives:dna-future-m,rigan,rapid/dna-future-m,rigan,rapid
beginner/free/fore:spin/back:spin => spin-spiel + triple-regular | fore[spin-spiel,triple-regular,hybrid-mk-fx,rasanter-r45] back[triple-regular,hybrid-mk-fx,rasanter-r45,rakza-7] | ties:1/1 | alternatives:hybrid-mk-fx,rasanter-r45,rakza-7/hybrid-mk-fx,rasanter-r45,rakza-7
beginner/free/fore:spin/back:counter => spin-spiel + flyatt-evo | fore[spin-spiel,triple-regular,hybrid-mk-fx,rasanter-r45] back[flyatt-evo,roundell,blastac,vega-japan] | ties:1/2 | alternatives:triple-regular,hybrid-mk-fx,rasanter-r45/roundell,blastac,vega-japan
beginner/free/fore:spin/back:control => spin-spiel + rozena | fore[spin-spiel,triple-regular,hybrid-mk-fx,rasanter-r45] back[rozena,dna-future-m,rigan,rapid] | ties:1/1 | alternatives:triple-regular,hybrid-mk-fx,rasanter-r45/dna-future-m,rigan,rapid
beginner/free/fore:counter/back:spin => flyatt-evo + spin-spiel | fore[flyatt-evo,roundell,blastac,vega-japan] back[spin-spiel,triple-regular,hybrid-mk-fx,rasanter-r45] | ties:2/1 | alternatives:roundell,blastac,vega-japan/triple-regular,hybrid-mk-fx,rasanter-r45
beginner/free/fore:counter/back:counter => flyatt-evo + roundell | fore[flyatt-evo,roundell,blastac,vega-japan] back[roundell,blastac,vega-japan,rasanter-r48] | ties:2/1 | alternatives:blastac,vega-japan,rasanter-r48/blastac,vega-japan,rasanter-r48
beginner/free/fore:counter/back:control => flyatt-evo + spin-spiel | fore[flyatt-evo,roundell,blastac,vega-japan] back[spin-spiel,rozena,dna-future-m,rigan] | ties:2/1 | alternatives:roundell,blastac,vega-japan/rozena,dna-future-m,rigan
beginner/free/fore:control/back:spin => spin-spiel + triple-regular | fore[spin-spiel,rozena,dna-future-m,rigan] back[triple-regular,hybrid-mk-fx,rasanter-r45,rakza-7] | ties:1/1 | alternatives:rozena,dna-future-m,rigan/hybrid-mk-fx,rasanter-r45,rakza-7
beginner/free/fore:control/back:counter => spin-spiel + flyatt-evo | fore[spin-spiel,rozena,dna-future-m,rigan] back[flyatt-evo,roundell,blastac,vega-japan] | ties:1/2 | alternatives:rozena,dna-future-m,rigan/roundell,blastac,vega-japan
beginner/free/fore:control/back:control => spin-spiel + rozena | fore[spin-spiel,rozena,dna-future-m,rigan] back[rozena,dna-future-m,rigan,rapid] | ties:1/1 | alternatives:dna-future-m,rigan,rapid/dna-future-m,rigan,rapid
middle/easy/fore:spin/back:spin => spin-spiel + shining-dragon-2 | fore[spin-spiel,shining-dragon-2,vega-pro,rising-dragon-2] back[shining-dragon-2,vega-pro,rising-dragon-2,juic-999-elite] | ties:1/2 | alternatives:vega-pro,rising-dragon-2,juic-999-elite/vega-pro,rising-dragon-2,juic-999-elite
middle/easy/fore:spin/back:counter => spin-spiel + vega-japan | fore[spin-spiel,shining-dragon-2,vega-pro,rising-dragon-2] back[vega-japan,blastac,rising-dragon-2,mantra-pro-h] | ties:1/1 | alternatives:shining-dragon-2,vega-pro,rising-dragon-2/blastac,rising-dragon-2,mantra-pro-h
middle/easy/fore:spin/back:control => spin-spiel + blastac | fore[spin-spiel,shining-dragon-2,vega-pro,rising-dragon-2] back[blastac,rozena,vega-elite,vega-europe] | ties:1/4 | alternatives:shining-dragon-2,vega-pro,rising-dragon-2/rozena,vega-elite,vega-europe
middle/easy/fore:counter/back:spin => vega-japan + spin-spiel | fore[vega-japan,blastac,rising-dragon-2,mantra-pro-h] back[spin-spiel,shining-dragon-2,vega-pro,rising-dragon-2] | ties:1/1 | alternatives:blastac,rising-dragon-2,mantra-pro-h/shining-dragon-2,vega-pro,rising-dragon-2
middle/easy/fore:counter/back:counter => vega-japan + blastac | fore[vega-japan,blastac,rising-dragon-2,mantra-pro-h] back[blastac,rising-dragon-2,mantra-pro-h,mantra-pro-xh] | ties:1/2 | alternatives:rising-dragon-2,mantra-pro-h,vega-asia/rising-dragon-2,mantra-pro-h,vega-asia
middle/easy/fore:counter/back:control => vega-japan + spin-spiel | fore[vega-japan,blastac,rising-dragon-2,mantra-pro-h] back[spin-spiel,blastac,rozena,vega-elite] | ties:1/1 | alternatives:blastac,rising-dragon-2,mantra-pro-h/blastac,rozena,vega-elite
middle/easy/fore:control/back:spin => spin-spiel + shining-dragon-2 | fore[spin-spiel,blastac,rozena,vega-elite] back[shining-dragon-2,vega-pro,rising-dragon-2,juic-999-elite] | ties:1/2 | alternatives:blastac,rozena,vega-elite/vega-pro,rising-dragon-2,juic-999-elite
middle/easy/fore:control/back:counter => spin-spiel + vega-japan | fore[spin-spiel,blastac,rozena,vega-elite] back[vega-japan,blastac,rising-dragon-2,mantra-pro-h] | ties:1/1 | alternatives:blastac,rozena,vega-elite/blastac,rising-dragon-2,mantra-pro-h
middle/easy/fore:control/back:control => spin-spiel + blastac | fore[spin-spiel,blastac,rozena,vega-elite] back[blastac,rozena,vega-elite,vega-europe] | ties:1/4 | alternatives:rozena,vega-elite,vega-europe/rozena,vega-elite,vega-europe
middle/standard/fore:spin/back:spin => hybrid-mk-fx + spin-spiel | fore[hybrid-mk-fx,spin-spiel,baracuda,dna-pro-m] back[spin-spiel,baracuda,dna-pro-m,evolution-eld] | ties:1/1 | alternatives:baracuda,dna-pro-m,evolution-eld/baracuda,dna-pro-m,evolution-eld
middle/standard/fore:spin/back:counter => hybrid-mk-fx + omega-8-euro | fore[hybrid-mk-fx,spin-spiel,baracuda,dna-pro-m] back[omega-8-euro,vega-japan,blastac,evolution-mxd] | ties:1/2 | alternatives:spin-spiel,baracuda,dna-pro-m/vega-japan,blastac,evolution-mxd
middle/standard/fore:spin/back:control => hybrid-mk-fx + spin-spiel | fore[hybrid-mk-fx,spin-spiel,baracuda,dna-pro-m] back[spin-spiel,blastac,dna-pro-s,evolution-fxd] | ties:1/1 | alternatives:baracuda,dna-pro-m,evolution-eld/blastac,dna-pro-s,evolution-fxd
middle/standard/fore:counter/back:spin => omega-8-euro + hybrid-mk-fx | fore[omega-8-euro,vega-japan,blastac,evolution-mxd] back[hybrid-mk-fx,spin-spiel,baracuda,dna-pro-m] | ties:2/1 | alternatives:vega-japan,blastac,evolution-mxd/spin-spiel,baracuda,dna-pro-m
middle/standard/fore:counter/back:counter => omega-8-euro + vega-japan | fore[omega-8-euro,vega-japan,blastac,evolution-mxd] back[vega-japan,blastac,evolution-mxd,evolution-mxp] | ties:2/1 | alternatives:blastac,evolution-mxd,omega-8-hybrid/blastac,evolution-mxd,omega-8-hybrid
middle/standard/fore:counter/back:control => omega-8-euro + hybrid-mk-fx | fore[omega-8-euro,vega-japan,blastac,evolution-mxd] back[hybrid-mk-fx,spin-spiel,blastac,dna-pro-s] | ties:2/1 | alternatives:vega-japan,blastac,evolution-mxd/spin-spiel,blastac,dna-pro-s
middle/standard/fore:control/back:spin => hybrid-mk-fx + spin-spiel | fore[hybrid-mk-fx,spin-spiel,blastac,dna-pro-s] back[spin-spiel,baracuda,dna-pro-m,evolution-eld] | ties:1/1 | alternatives:blastac,dna-pro-s,evolution-fxd/baracuda,dna-pro-m,evolution-eld
middle/standard/fore:control/back:counter => hybrid-mk-fx + omega-8-euro | fore[hybrid-mk-fx,spin-spiel,blastac,dna-pro-s] back[omega-8-euro,vega-japan,blastac,evolution-mxd] | ties:1/2 | alternatives:spin-spiel,blastac,dna-pro-s/vega-japan,blastac,evolution-mxd
middle/standard/fore:control/back:control => hybrid-mk-fx + spin-spiel | fore[hybrid-mk-fx,spin-spiel,blastac,dna-pro-s] back[spin-spiel,blastac,dna-pro-s,evolution-fxd] | ties:1/1 | alternatives:blastac,dna-pro-s,evolution-fxd/blastac,dna-pro-s,evolution-fxd
middle/free/fore:spin/back:spin => hybrid-mk-fx + rasanter-r45 | fore[hybrid-mk-fx,rasanter-r45,gennexion-v2c,helix-platinum-m] back[rasanter-r45,gennexion-v2c,helix-platinum-m,rasanter-r48] | ties:2/1 | alternatives:gennexion-v2c,helix-platinum-m,rasanter-r48/gennexion-v2c,helix-platinum-m,rasanter-r48
middle/free/fore:spin/back:counter => hybrid-mk-fx + gennexion-v2c | fore[hybrid-mk-fx,rasanter-r45,gennexion-v2c,helix-platinum-m] back[gennexion-v2c,helix-platinum-m,rasanter-r48,omega-8-euro] | ties:2/3 | alternatives:rasanter-r45,helix-platinum-m,rasanter-r48/helix-platinum-m,rasanter-r48,omega-8-euro
middle/free/fore:spin/back:control => hybrid-mk-fx + rasanter-r45 | fore[hybrid-mk-fx,rasanter-r45,gennexion-v2c,helix-platinum-m] back[rasanter-r45,spin-spiel,blastac,dna-pro-s] | ties:2/1 | alternatives:gennexion-v2c,helix-platinum-m,rasanter-r48/spin-spiel,blastac,dna-pro-s
middle/free/fore:counter/back:spin => gennexion-v2c + hybrid-mk-fx | fore[gennexion-v2c,helix-platinum-m,rasanter-r48,omega-8-euro] back[hybrid-mk-fx,rasanter-r45,helix-platinum-m,rasanter-r48] | ties:3/2 | alternatives:helix-platinum-m,rasanter-r48,omega-8-euro/rasanter-r45,helix-platinum-m,rasanter-r48
middle/free/fore:counter/back:counter => gennexion-v2c + helix-platinum-m | fore[gennexion-v2c,helix-platinum-m,rasanter-r48,omega-8-euro] back[helix-platinum-m,rasanter-r48,omega-8-euro,vega-japan] | ties:3/2 | alternatives:rasanter-r48,omega-8-euro,vega-japan/rasanter-r48,omega-8-euro,vega-japan
middle/free/fore:counter/back:control => gennexion-v2c + hybrid-mk-fx | fore[gennexion-v2c,helix-platinum-m,rasanter-r48,omega-8-euro] back[hybrid-mk-fx,rasanter-r45,spin-spiel,blastac] | ties:3/2 | alternatives:helix-platinum-m,rasanter-r48,omega-8-euro/rasanter-r45,spin-spiel,blastac
middle/free/fore:control/back:spin => hybrid-mk-fx + rasanter-r45 | fore[hybrid-mk-fx,rasanter-r45,spin-spiel,blastac] back[rasanter-r45,gennexion-v2c,helix-platinum-m,rasanter-r48] | ties:2/1 | alternatives:spin-spiel,blastac,dna-pro-s/gennexion-v2c,helix-platinum-m,rasanter-r48
middle/free/fore:control/back:counter => hybrid-mk-fx + gennexion-v2c | fore[hybrid-mk-fx,rasanter-r45,spin-spiel,blastac] back[gennexion-v2c,helix-platinum-m,rasanter-r48,omega-8-euro] | ties:2/3 | alternatives:rasanter-r45,spin-spiel,blastac/helix-platinum-m,rasanter-r48,omega-8-euro
middle/free/fore:control/back:control => hybrid-mk-fx + rasanter-r45 | fore[hybrid-mk-fx,rasanter-r45,spin-spiel,blastac] back[rasanter-r45,spin-spiel,blastac,dna-pro-s] | ties:2/1 | alternatives:spin-spiel,blastac,dna-pro-s/spin-spiel,blastac,dna-pro-s"
`;
