// Vitest Snapshot v1, https://vitest.dev/guide/snapshot.html

exports[`診断結果のスナップショット > 全 54 通りの条件で、提案と上位候補が変わらない 1`] = `
"beginner/easy/fore:spin/back:spin => spin-spiel + triple-regular | fore[spin-spiel,triple-regular,shining-dragon-2,vega-pro] back[triple-regular,shining-dragon-2,vega-pro,vega-europe]
beginner/easy/fore:spin/back:counter => spin-spiel + roundell | fore[spin-spiel,triple-regular,shining-dragon-2,vega-pro] back[roundell,flyatt-evo,blastac,vega-japan]
beginner/easy/fore:spin/back:control => spin-spiel + rozena | fore[spin-spiel,triple-regular,shining-dragon-2,vega-pro] back[rozena,rigan,dna-future-m,rapid]
beginner/easy/fore:counter/back:spin => roundell + spin-spiel | fore[roundell,flyatt-evo,blastac,vega-japan] back[spin-spiel,triple-regular,shining-dragon-2,vega-pro]
beginner/easy/fore:counter/back:counter => roundell + flyatt-evo | fore[roundell,flyatt-evo,blastac,vega-japan] back[flyatt-evo,blastac,vega-japan,rising-dragon-2]
beginner/easy/fore:counter/back:control => roundell + spin-spiel | fore[roundell,flyatt-evo,blastac,vega-japan] back[spin-spiel,rozena,rigan,dna-future-m]
beginner/easy/fore:control/back:spin => spin-spiel + triple-regular | fore[spin-spiel,rozena,rigan,dna-future-m] back[triple-regular,shining-dragon-2,vega-pro,vega-europe]
beginner/easy/fore:control/back:counter => spin-spiel + roundell | fore[spin-spiel,rozena,rigan,dna-future-m] back[roundell,flyatt-evo,blastac,vega-japan]
beginner/easy/fore:control/back:control => spin-spiel + rozena | fore[spin-spiel,rozena,rigan,dna-future-m] back[rozena,rigan,dna-future-m,rapid]
beginner/standard/fore:spin/back:spin => spin-spiel + triple-regular | fore[spin-spiel,triple-regular,hybrid-mk-fx,rakza-7] back[triple-regular,hybrid-mk-fx,rakza-7,rakza-7-soft]
beginner/standard/fore:spin/back:counter => spin-spiel + roundell | fore[spin-spiel,triple-regular,hybrid-mk-fx,rakza-7] back[roundell,flyatt-evo,blastac,vega-japan]
beginner/standard/fore:spin/back:control => spin-spiel + rozena | fore[spin-spiel,triple-regular,hybrid-mk-fx,rakza-7] back[rozena,rigan,dna-future-m,rapid]
beginner/standard/fore:counter/back:spin => roundell + spin-spiel | fore[roundell,flyatt-evo,blastac,vega-japan] back[spin-spiel,triple-regular,hybrid-mk-fx,rakza-7]
beginner/standard/fore:counter/back:counter => roundell + flyatt-evo | fore[roundell,flyatt-evo,blastac,vega-japan] back[flyatt-evo,blastac,vega-japan,omega-8-euro]
beginner/standard/fore:counter/back:control => roundell + spin-spiel | fore[roundell,flyatt-evo,blastac,vega-japan] back[spin-spiel,rozena,rigan,dna-future-m]
beginner/standard/fore:control/back:spin => spin-spiel + triple-regular | fore[spin-spiel,rozena,rigan,dna-future-m] back[triple-regular,hybrid-mk-fx,rakza-7,rakza-7-soft]
beginner/standard/fore:control/back:counter => spin-spiel + roundell | fore[spin-spiel,rozena,rigan,dna-future-m] back[roundell,flyatt-evo,blastac,vega-japan]
beginner/standard/fore:control/back:control => spin-spiel + rozena | fore[spin-spiel,rozena,rigan,dna-future-m] back[rozena,rigan,dna-future-m,rapid]
beginner/free/fore:spin/back:spin => spin-spiel + triple-regular | fore[spin-spiel,triple-regular,hybrid-mk-fx,rasanter-r45] back[triple-regular,hybrid-mk-fx,rasanter-r45,rakza-7]
beginner/free/fore:spin/back:counter => spin-spiel + roundell | fore[spin-spiel,triple-regular,hybrid-mk-fx,rasanter-r45] back[roundell,flyatt-evo,blastac,vega-japan]
beginner/free/fore:spin/back:control => spin-spiel + rozena | fore[spin-spiel,triple-regular,hybrid-mk-fx,rasanter-r45] back[rozena,rigan,dna-future-m,rapid]
beginner/free/fore:counter/back:spin => roundell + spin-spiel | fore[roundell,flyatt-evo,blastac,vega-japan] back[spin-spiel,triple-regular,hybrid-mk-fx,rasanter-r45]
beginner/free/fore:counter/back:counter => roundell + flyatt-evo | fore[roundell,flyatt-evo,blastac,vega-japan] back[flyatt-evo,blastac,vega-japan,rasanter-r48]
beginner/free/fore:counter/back:control => roundell + spin-spiel | fore[roundell,flyatt-evo,blastac,vega-japan] back[spin-spiel,rozena,rigan,dna-future-m]
beginner/free/fore:control/back:spin => spin-spiel + triple-regular | fore[spin-spiel,rozena,rigan,dna-future-m] back[triple-regular,hybrid-mk-fx,rasanter-r45,rakza-7]
beginner/free/fore:control/back:counter => spin-spiel + roundell | fore[spin-spiel,rozena,rigan,dna-future-m] back[roundell,flyatt-evo,blastac,vega-japan]
beginner/free/fore:control/back:control => spin-spiel + rozena | fore[spin-spiel,rozena,rigan,dna-future-m] back[rozena,rigan,dna-future-m,rapid]
middle/easy/fore:spin/back:spin => spin-spiel + shining-dragon-2 | fore[spin-spiel,shining-dragon-2,vega-pro,rising-dragon-2] back[shining-dragon-2,vega-pro,rising-dragon-2,triple-regular]
middle/easy/fore:spin/back:counter => spin-spiel + vega-japan | fore[spin-spiel,shining-dragon-2,vega-pro,rising-dragon-2] back[vega-japan,blastac,rising-dragon-2,vega-asia]
middle/easy/fore:spin/back:control => spin-spiel + rozena | fore[spin-spiel,shining-dragon-2,vega-pro,rising-dragon-2] back[rozena,blastac,vega-europe,vega-elite]
middle/easy/fore:counter/back:spin => vega-japan + spin-spiel | fore[vega-japan,blastac,rising-dragon-2,vega-asia] back[spin-spiel,shining-dragon-2,vega-pro,rising-dragon-2]
middle/easy/fore:counter/back:counter => vega-japan + blastac | fore[vega-japan,blastac,rising-dragon-2,vega-asia] back[blastac,rising-dragon-2,vega-asia,mantra-pro-h]
middle/easy/fore:counter/back:control => vega-japan + spin-spiel | fore[vega-japan,blastac,rising-dragon-2,vega-asia] back[spin-spiel,rozena,blastac,vega-europe]
middle/easy/fore:control/back:spin => spin-spiel + shining-dragon-2 | fore[spin-spiel,rozena,blastac,vega-europe] back[shining-dragon-2,vega-pro,rising-dragon-2,triple-regular]
middle/easy/fore:control/back:counter => spin-spiel + vega-japan | fore[spin-spiel,rozena,blastac,vega-europe] back[vega-japan,blastac,rising-dragon-2,vega-asia]
middle/easy/fore:control/back:control => spin-spiel + rozena | fore[spin-spiel,rozena,blastac,vega-europe] back[rozena,blastac,vega-europe,vega-elite]
middle/standard/fore:spin/back:spin => hybrid-mk-fx + spin-spiel | fore[hybrid-mk-fx,spin-spiel,fastarc-g1,rakza-7] back[spin-spiel,fastarc-g1,rakza-7,rakza-7-soft]
middle/standard/fore:spin/back:counter => hybrid-mk-fx + omega-8-euro | fore[hybrid-mk-fx,spin-spiel,fastarc-g1,rakza-7] back[omega-8-euro,vega-japan,blastac,kyohyo-8-80-power]
middle/standard/fore:spin/back:control => hybrid-mk-fx + spin-spiel | fore[hybrid-mk-fx,spin-spiel,fastarc-g1,rakza-7] back[spin-spiel,rozena,fastarc-c1,blastac]
middle/standard/fore:counter/back:spin => omega-8-euro + hybrid-mk-fx | fore[omega-8-euro,vega-japan,blastac,kyohyo-8-80-power] back[hybrid-mk-fx,spin-spiel,fastarc-g1,rakza-7]
middle/standard/fore:counter/back:counter => omega-8-euro + vega-japan | fore[omega-8-euro,vega-japan,blastac,kyohyo-8-80-power] back[vega-japan,blastac,kyohyo-8-80-power,rakza-xx]
middle/standard/fore:counter/back:control => omega-8-euro + hybrid-mk-fx | fore[omega-8-euro,vega-japan,blastac,kyohyo-8-80-power] back[hybrid-mk-fx,spin-spiel,rozena,fastarc-c1]
middle/standard/fore:control/back:spin => hybrid-mk-fx + spin-spiel | fore[hybrid-mk-fx,spin-spiel,rozena,fastarc-c1] back[spin-spiel,fastarc-g1,rakza-7,rakza-7-soft]
middle/standard/fore:control/back:counter => hybrid-mk-fx + omega-8-euro | fore[hybrid-mk-fx,spin-spiel,rozena,fastarc-c1] back[omega-8-euro,vega-japan,blastac,kyohyo-8-80-power]
middle/standard/fore:control/back:control => hybrid-mk-fx + spin-spiel | fore[hybrid-mk-fx,spin-spiel,rozena,fastarc-c1] back[spin-spiel,rozena,fastarc-c1,blastac]
middle/free/fore:spin/back:spin => hybrid-mk-fx + rasanter-r45 | fore[hybrid-mk-fx,rasanter-r45,gennexion-v2c,helix-platinum-m] back[rasanter-r45,gennexion-v2c,helix-platinum-m,rasanter-r48]
middle/free/fore:spin/back:counter => hybrid-mk-fx + gennexion-v2c | fore[hybrid-mk-fx,rasanter-r45,gennexion-v2c,helix-platinum-m] back[gennexion-v2c,helix-platinum-m,rasanter-r48,omega-8-euro]
middle/free/fore:spin/back:control => hybrid-mk-fx + rasanter-r45 | fore[hybrid-mk-fx,rasanter-r45,gennexion-v2c,helix-platinum-m] back[rasanter-r45,spin-spiel,rozena,fastarc-c1]
middle/free/fore:counter/back:spin => gennexion-v2c + hybrid-mk-fx | fore[gennexion-v2c,helix-platinum-m,rasanter-r48,omega-8-euro] back[hybrid-mk-fx,rasanter-r45,helix-platinum-m,rasanter-r48]
middle/free/fore:counter/back:counter => gennexion-v2c + helix-platinum-m | fore[gennexion-v2c,helix-platinum-m,rasanter-r48,omega-8-euro] back[helix-platinum-m,rasanter-r48,omega-8-euro,vega-japan]
middle/free/fore:counter/back:control => gennexion-v2c + hybrid-mk-fx | fore[gennexion-v2c,helix-platinum-m,rasanter-r48,omega-8-euro] back[hybrid-mk-fx,rasanter-r45,spin-spiel,rozena]
middle/free/fore:control/back:spin => hybrid-mk-fx + rasanter-r45 | fore[hybrid-mk-fx,rasanter-r45,spin-spiel,rozena] back[rasanter-r45,gennexion-v2c,helix-platinum-m,rasanter-r48]
middle/free/fore:control/back:counter => hybrid-mk-fx + gennexion-v2c | fore[hybrid-mk-fx,rasanter-r45,spin-spiel,rozena] back[gennexion-v2c,helix-platinum-m,rasanter-r48,omega-8-euro]
middle/free/fore:control/back:control => hybrid-mk-fx + rasanter-r45 | fore[hybrid-mk-fx,rasanter-r45,spin-spiel,rozena] back[rasanter-r45,spin-spiel,rozena,fastarc-c1]"
`;
